dt
(2, 'en', (6, 'en', (7, (4, 'nl', (10, 'nl', (0, 'nl', (5, 'nl', 'en')))), (4, 'nl', (0, 'nl', 'en')))))